// Jest Snapshot v1, https://goo.gl/fbAQLP

exports[`Query photos should return photos 1`] = `
Object {
  "photos": Array [
    Object {
      "comments": Array [
        Object {
          "id": "1",
          "likes": Array [
            Object {
              "user": Object {
                "username": "Angelaaa",
              },
            },
          ],
          "text": "Wow",
        },
        Object {
          "id": "2",
          "likes": Array [
            Object {
              "user": Object {
                "username": "Marcinek",
              },
            },
          ],
          "text": "Nice",
        },
      ],
      "commentsCount": 2,
      "id": "1",
      "likes": Array [
        Object {
          "user": Object {
            "username": "Angelaaa",
          },
        },
      ],
      "likesCount": 1,
      "url": "lol.jpg",
      "user": Object {
        "fullname": "Marcin Miler",
        "username": "Marcinek",
      },
      "userId": "1",
    },
    Object {
      "comments": Array [
        Object {
          "id": "4",
          "likes": Array [],
          "text": "Nice",
        },
        Object {
          "id": "3",
          "likes": Array [],
          "text": "Wow",
        },
      ],
      "commentsCount": 2,
      "id": "2",
      "likes": Array [
        Object {
          "user": Object {
            "username": "Marcinek",
          },
        },
      ],
      "likesCount": 1,
      "url": "lul.jpg",
      "user": Object {
        "fullname": "Angelika Miler",
        "username": "Angelaaa",
      },
      "userId": "2",
    },
  ],
}
`;
