// Jest Snapshot v1, https://goo.gl/fbAQLP

exports[`Query isFollowing should check is user is following another user 1`] = `
User {
  "bio": null,
  "email": "m@m.com",
  "followersCount": 0,
  "following": Array [
    User {
      "bio": null,
      "email": "a@a.com",
      "followersCount": 1,
      "followingCount": 0,
      "fullname": "Angelika Miler",
      "id": 2,
      "notificationToken": null,
      "photosCount": 0,
      "username": "Angelaaa",
    },
  ],
  "followingCount": 1,
  "fullname": "Marcin Miler",
  "id": 1,
  "notificationToken": null,
  "photosCount": 0,
  "username": "Marcinek",
}
`;
